2026-05-28T11:57:23Z INFO  [synthetic] GET /v1/usage 200 0.086s target=billing-svc
2026-05-28T11:57:58Z INFO  [synthetic] GET /v1/invoices 304 0.151s target=billing-svc
2026-05-28T12:00:09Z INFO  [synthetic] POST /v1/token/refresh 201 0.204s target=auth-svc
2026-05-28T12:03:46Z INFO  [synthetic] POST /v1/jobs 201 0.225s target=cloud-api
2026-05-28T12:05:21Z INFO  [synthetic] POST /v1/token 200 0.104s target=auth-svc
2026-05-28T12:06:22Z INFO  [synthetic] POST /v1/jobs 304 0.082s target=cloud-api
2026-05-28T12:07:31Z INFO  [synthetic] POST /v1/servers 200 0.147s target=cloud-api
2026-05-28T12:19:40Z INFO  [synthetic] GET /v1/invoices 200 0.063s target=billing-svc
2026-05-28T12:22:22Z INFO  [synthetic] GET /v1/jobs 304 0.039s target=cloud-api
2026-05-28T12:25:40Z INFO  [synthetic] GET /v1/jobs 200 0.126s target=cloud-api
2026-05-28T12:25:59Z INFO  [synthetic] POST /v1/jobs 200 0.063s target=cloud-api
2026-05-28T12:26:55Z INFO  [synthetic] GET /v1/servers 200 0.192s target=cloud-api
2026-05-28T12:28:14Z INFO  [synthetic] POST /v1/servers 204 0.095s target=cloud-api
2026-05-28T12:30:11Z INFO  [synthetic] POST /v1/token/refresh 304 0.062s target=auth-svc
2026-05-28T12:38:45Z INFO  [synthetic] GET /v1/images 200 0.055s target=cloud-api
2026-05-28T12:43:57Z INFO  [synthetic] POST /v1/token 200 0.067s target=auth-svc
2026-05-28T12:44:00Z INFO  [synthetic] GET /v1/jobs 200 0.080s target=cloud-api
2026-05-28T12:45:48Z ERROR [synthetic] GET /v1/usage 503 0.186s target=billing-svc
2026-05-28T12:48:45Z ERROR [synthetic] GET /v1/invoices 503 0.150s target=billing-svc
2026-05-28T12:49:04Z INFO  [synthetic] POST /v1/token 200 0.118s target=auth-svc
2026-05-28T12:49:39Z ERROR [synthetic] GET /v1/invoices 503 0.159s target=billing-svc
2026-05-28T12:49:50Z ERROR [synthetic] GET /v1/invoices 503 0.097s target=billing-svc
2026-05-28T12:51:56Z INFO  [synthetic] POST /v1/token/refresh 200 0.043s target=auth-svc
2026-05-28T12:52:27Z INFO  [synthetic] POST /v1/token 201 0.113s target=auth-svc
2026-05-28T12:52:40Z INFO  [synthetic] GET /v1/jobs 200 0.057s target=cloud-api
2026-05-28T12:53:16Z ERROR [synthetic] GET /v1/usage 503 0.343s target=billing-svc
2026-05-28T12:54:43Z ERROR [synthetic] GET /v1/usage 503 0.078s target=billing-svc
2026-05-28T12:57:41Z ERROR [synthetic] GET /v1/invoices 503 0.318s target=billing-svc
2026-05-28T12:58:02Z ERROR [synthetic] GET /v1/usage 503 0.093s target=billing-svc
2026-05-28T12:58:15Z ERROR [synthetic] GET /v1/usage 503 0.131s target=billing-svc
2026-05-28T12:59:56Z INFO  [synthetic] GET /v1/usage 200 0.068s target=billing-svc
2026-05-28T13:01:00Z INFO  [synthetic] POST /v1/token 204 0.059s target=auth-svc
2026-05-28T13:05:09Z INFO  [synthetic] GET /v1/invoices 201 0.043s target=billing-svc
2026-05-28T13:05:20Z ERROR [synthetic] GET /v1/invoices 503 0.168s target=billing-svc
2026-05-28T13:05:42Z INFO  [synthetic] GET /v1/jobs 204 0.052s target=cloud-api
2026-05-28T13:06:50Z ERROR [synthetic] GET /v1/usage 503 0.051s target=billing-svc
2026-05-28T13:06:51Z ERROR [synthetic] GET /v1/invoices 503 0.127s target=billing-svc
2026-05-28T13:08:22Z INFO  [synthetic] GET /v1/invoices 200 0.094s target=billing-svc
2026-05-28T13:08:34Z ERROR [synthetic] GET /v1/invoices 503 0.145s target=billing-svc
2026-05-28T13:09:17Z INFO  [synthetic] GET /v1/jobs 200 0.100s target=cloud-api
2026-05-28T13:09:34Z INFO  [synthetic] GET /v1/servers 200 0.222s target=cloud-api
2026-05-28T13:10:07Z ERROR [synthetic] GET /v1/usage 503 0.230s target=billing-svc
2026-05-28T13:12:34Z INFO  [synthetic] POST /v1/jobs 200 0.099s target=cloud-api
2026-05-28T13:12:49Z ERROR [synthetic] GET /v1/usage 503 0.232s target=billing-svc
2026-05-28T13:13:42Z INFO  [synthetic] GET /v1/images 200 0.068s target=cloud-api
2026-05-28T13:16:41Z ERROR [synthetic] GET /v1/usage 503 0.064s target=billing-svc
2026-05-28T13:16:47Z ERROR [synthetic] GET /v1/usage 503 0.180s target=billing-svc
2026-05-28T13:17:46Z ERROR [synthetic] GET /v1/invoices 503 0.068s target=billing-svc
2026-05-28T13:18:35Z INFO  [synthetic] GET /v1/servers 201 0.080s target=cloud-api
2026-05-28T13:19:53Z ERROR [synthetic] GET /v1/invoices 503 0.273s target=billing-svc
2026-05-28T13:20:17Z INFO  [synthetic] GET /v1/usage 204 0.064s target=billing-svc
2026-05-28T13:22:37Z ERROR [synthetic] GET /v1/invoices 503 0.164s target=billing-svc
2026-05-28T13:24:14Z ERROR [synthetic] GET /v1/invoices 503 0.116s target=billing-svc
2026-05-28T13:25:22Z INFO  [synthetic] GET /v1/jobs 200 0.061s target=cloud-api
2026-05-28T13:25:42Z INFO  [synthetic] POST /v1/token/refresh 200 0.063s target=auth-svc
2026-05-28T13:27:26Z ERROR [synthetic] GET /v1/usage 503 0.119s target=billing-svc
2026-05-28T13:28:39Z ERROR [synthetic] GET /v1/usage 503 0.323s target=billing-svc
2026-05-28T13:28:41Z INFO  [synthetic] POST /v1/token 201 0.049s target=auth-svc
2026-05-28T13:30:41Z ERROR [synthetic] GET /v1/usage 503 0.233s target=billing-svc
2026-05-28T13:30:58Z ERROR [synthetic] GET /v1/invoices 503 0.094s target=billing-svc
2026-05-28T13:34:11Z INFO  [synthetic] GET /v1/usage 304 0.058s target=billing-svc
2026-05-28T13:37:45Z INFO  [synthetic] GET /v1/servers 304 0.110s target=cloud-api
2026-05-28T13:37:52Z ERROR [synthetic] GET /v1/invoices 503 0.048s target=billing-svc
2026-05-28T13:38:27Z INFO  [synthetic] GET /v1/usage 200 0.207s target=billing-svc
2026-05-28T13:38:53Z INFO  [synthetic] GET /v1/jobs 200 0.072s target=cloud-api
2026-05-28T13:40:39Z ERROR [synthetic] GET /v1/invoices 503 0.123s target=billing-svc
2026-05-28T13:41:28Z ERROR [synthetic] GET /v1/usage 503 0.095s target=billing-svc
2026-05-28T13:42:25Z INFO  [synthetic] POST /v1/jobs 201 0.110s target=cloud-api
2026-05-28T13:44:12Z ERROR [synthetic] GET /v1/invoices 503 0.158s target=billing-svc
2026-05-28T13:46:03Z ERROR [synthetic] GET /v1/invoices 503 0.225s target=billing-svc
2026-05-28T13:46:35Z ERROR [synthetic] GET /v1/usage 503 0.135s target=billing-svc
2026-05-28T13:47:59Z INFO  [synthetic] GET /v1/images 201 0.051s target=cloud-api
2026-05-28T13:49:53Z ERROR [synthetic] GET /v1/invoices 503 0.300s target=billing-svc
2026-05-28T13:50:22Z ERROR [synthetic] GET /v1/invoices 503 0.675s target=billing-svc
2026-05-28T13:50:46Z INFO  [synthetic] POST /v1/token 200 0.033s target=auth-svc
2026-05-28T13:52:13Z ERROR [synthetic] GET /v1/usage 503 0.121s target=billing-svc
2026-05-28T13:52:29Z INFO  [synthetic] GET /v1/jobs 200 0.132s target=cloud-api
2026-05-28T13:55:12Z ERROR [synthetic] GET /v1/usage 503 0.045s target=billing-svc
2026-05-28T13:55:41Z INFO  [synthetic] GET /v1/invoices 200 0.029s target=billing-svc
2026-05-28T13:56:12Z ERROR [synthetic] GET /v1/usage 503 0.195s target=billing-svc
2026-05-28T13:56:47Z INFO  [synthetic] GET /v1/servers 200 0.041s target=cloud-api
2026-05-28T13:57:01Z ERROR [synthetic] GET /v1/invoices 503 0.238s target=billing-svc
2026-05-28T13:57:43Z INFO  [synthetic] GET /v1/servers 200 0.052s target=cloud-api
2026-05-28T13:58:15Z INFO  [synthetic] GET /v1/jobs 200 0.074s target=cloud-api
2026-05-28T13:58:57Z INFO  [synthetic] GET /v1/invoices 201 0.085s target=billing-svc
2026-05-28T13:59:31Z INFO  [synthetic] POST /v1/jobs 204 0.125s target=cloud-api
2026-05-28T14:03:52Z INFO  [synthetic] POST /v1/jobs 200 0.278s target=cloud-api
2026-05-28T14:05:25Z INFO  [synthetic] GET /v1/jobs 204 0.068s target=cloud-api
2026-05-28T14:06:52Z INFO  [synthetic] POST /v1/token 200 0.104s target=auth-svc
2026-05-28T14:07:33Z ERROR [synthetic] GET /v1/invoices 503 0.067s target=billing-svc
2026-05-28T14:08:31Z ERROR [synthetic] GET /v1/invoices 503 0.187s target=billing-svc
2026-05-28T14:09:26Z INFO  [synthetic] POST /v1/token/refresh 304 0.187s target=auth-svc
2026-05-28T14:09:46Z INFO  [synthetic] GET /v1/invoices 304 0.143s target=billing-svc
2026-05-28T14:10:21Z INFO  [synthetic] GET /v1/usage 304 0.149s target=billing-svc
2026-05-28T14:10:32Z ERROR [synthetic] GET /v1/invoices 503 0.138s target=billing-svc
2026-05-28T14:11:20Z ERROR [synthetic] GET /v1/usage 503 0.056s target=billing-svc
2026-05-28T14:13:47Z INFO  [synthetic] POST /v1/token/refresh 201 0.113s target=auth-svc
2026-05-28T14:14:23Z INFO  [synthetic] POST /v1/servers 201 0.082s target=cloud-api
2026-05-28T14:16:37Z ERROR [synthetic] GET /v1/invoices 503 0.233s target=billing-svc
2026-05-28T14:16:41Z ERROR [synthetic] GET /v1/invoices 503 0.156s target=billing-svc
2026-05-28T14:18:01Z INFO  [synthetic] POST /v1/token 201 0.117s target=auth-svc
2026-05-28T14:18:13Z ERROR [synthetic] GET /v1/invoices 503 0.130s target=billing-svc
2026-05-28T14:19:44Z ERROR [synthetic] GET /v1/usage 503 0.156s target=billing-svc
2026-05-28T14:20:19Z ERROR [synthetic] GET /v1/usage 503 0.091s target=billing-svc
2026-05-28T14:22:08Z INFO  [synthetic] POST /v1/servers 200 0.150s target=cloud-api
2026-05-28T14:23:07Z INFO  [synthetic] GET /v1/usage 200 0.127s target=billing-svc
2026-05-28T14:24:21Z INFO  [synthetic] GET /v1/jobs 304 0.109s target=cloud-api
2026-05-28T14:24:38Z ERROR [synthetic] GET /v1/usage 503 0.067s target=billing-svc
2026-05-28T14:25:17Z ERROR [synthetic] GET /v1/usage 503 0.323s target=billing-svc
2026-05-28T14:26:29Z INFO  [synthetic] POST /v1/token 201 0.145s target=auth-svc
2026-05-28T14:28:08Z ERROR [synthetic] GET /v1/usage 503 0.074s target=billing-svc
2026-05-28T14:29:49Z INFO  [synthetic] GET /v1/usage 200 0.056s target=billing-svc
2026-05-28T14:32:20Z ERROR [synthetic] GET /v1/invoices 503 0.068s target=billing-svc
2026-05-28T14:34:42Z ERROR [synthetic] GET /v1/invoices 503 0.144s target=billing-svc
2026-05-28T14:35:08Z INFO  [synthetic] GET /v1/usage 304 0.124s target=billing-svc
2026-05-28T14:36:14Z INFO  [synthetic] GET /v1/images 200 0.219s target=cloud-api
2026-05-28T14:36:20Z ERROR [synthetic] GET /v1/invoices 503 0.101s target=billing-svc
2026-05-28T14:36:27Z ERROR [synthetic] GET /v1/usage 503 0.234s target=billing-svc
2026-05-28T14:37:25Z ERROR [synthetic] GET /v1/usage 503 0.141s target=billing-svc
2026-05-28T14:38:36Z ERROR [synthetic] GET /v1/usage 503 0.206s target=billing-svc
2026-05-28T14:43:15Z INFO  [synthetic] POST /v1/token/refresh 200 0.158s target=auth-svc
2026-05-28T14:45:16Z ERROR [synthetic] GET /v1/invoices 503 0.066s target=billing-svc
2026-05-28T14:45:20Z ERROR [synthetic] GET /v1/invoices 503 0.176s target=billing-svc
2026-05-28T14:45:22Z ERROR [synthetic] GET /v1/usage 503 0.071s target=billing-svc
2026-05-28T14:48:51Z ERROR [synthetic] GET /v1/usage 503 0.187s target=billing-svc
2026-05-28T14:49:32Z ERROR [synthetic] GET /v1/invoices 503 0.296s target=billing-svc
2026-05-28T14:49:35Z INFO  [synthetic] GET /v1/servers 200 0.077s target=cloud-api
2026-05-28T14:51:22Z INFO  [synthetic] GET /v1/usage 200 0.041s target=billing-svc
2026-05-28T14:51:26Z ERROR [synthetic] GET /v1/invoices 503 0.227s target=billing-svc
2026-05-28T14:53:21Z INFO  [synthetic] GET /v1/servers 204 0.044s target=cloud-api
2026-05-28T14:53:29Z ERROR [synthetic] GET /v1/invoices 503 0.061s target=billing-svc
2026-05-28T14:53:48Z INFO  [synthetic] POST /v1/token/refresh 200 0.091s target=auth-svc
2026-05-28T14:54:01Z ERROR [synthetic] GET /v1/usage 503 0.105s target=billing-svc
2026-05-28T14:54:11Z ERROR [synthetic] GET /v1/usage 503 0.187s target=billing-svc
2026-05-28T14:54:25Z INFO  [synthetic] POST /v1/token 200 0.163s target=auth-svc
2026-05-28T14:55:23Z ERROR [synthetic] GET /v1/invoices 503 0.411s target=billing-svc
