2026-05-04T08:54:44Z WARN  [synthetic] ECS service started 1 task (replacing a stopped task)
2026-05-04T08:55:22Z WARN  [synthetic] ECS service started 1 task (replacing a stopped task)
2026-05-04T08:55:46Z WARN  [synthetic] ECS service started 1 task (replacing a stopped task)
2026-05-04T08:56:11Z ERROR [synthetic] ECS task stopped: OutOfMemoryError: Container killed due to memory usage
2026-05-04T08:56:44Z WARN  [synthetic] ECS service started 1 task (replacing a stopped task)
2026-05-04T08:57:12Z ERROR [synthetic] ECS task stopped: OutOfMemoryError: Container killed due to memory usage
2026-05-04T08:57:32Z WARN  [synthetic] ECS service started 1 task (replacing a stopped task)
2026-05-04T08:57:38Z INFO  [synthetic] {"level":"info","msg":"session refreshed","account":"acct-8490","ttl_s":3600}
2026-05-04T08:58:03Z ERROR [synthetic] ECS task stopped: OutOfMemoryError: Container killed due to memory usage
2026-05-04T08:58:19Z WARN  [synthetic] ECS service started 1 task (replacing a stopped task)
2026-05-04T08:58:22Z WARN  [synthetic] ECS service started 1 task (replacing a stopped task)
2026-05-04T08:59:06Z ERROR [synthetic] ECS task stopped: OutOfMemoryError: Container killed due to memory usage
2026-05-04T08:59:17Z ERROR [synthetic] ECS task stopped: OutOfMemoryError: Container killed due to memory usage
2026-05-04T09:00:39Z WARN  [synthetic] ECS service started 1 task (replacing a stopped task)
2026-05-04T09:03:02Z ERROR [synthetic] ECS task stopped: OutOfMemoryError: Container killed due to memory usage
2026-05-04T09:05:29Z ERROR [synthetic] ECS task stopped: OutOfMemoryError: Container killed due to memory usage
2026-05-04T09:05:30Z ERROR [synthetic] ECS task stopped: OutOfMemoryError: Container killed due to memory usage
2026-05-04T09:06:06Z WARN  [synthetic] ECS service started 1 task (replacing a stopped task)
2026-05-04T09:07:01Z ERROR [synthetic] ECS task stopped: OutOfMemoryError: Container killed due to memory usage
2026-05-04T09:08:06Z ERROR [synthetic] ECS task stopped: OutOfMemoryError: Container killed due to memory usage
2026-05-04T09:08:07Z ERROR [synthetic] ECS task stopped: OutOfMemoryError: Container killed due to memory usage
2026-05-04T09:09:34Z ERROR [synthetic] ECS task stopped: OutOfMemoryError: Container killed due to memory usage
2026-05-04T09:10:27Z WARN  [synthetic] ECS service started 1 task (replacing a stopped task)
2026-05-04T09:11:59Z WARN  [synthetic] ECS service started 1 task (replacing a stopped task)
2026-05-04T09:12:01Z WARN  [synthetic] ECS service started 1 task (replacing a stopped task)
2026-05-04T09:12:30Z WARN  [synthetic] ECS service started 1 task (replacing a stopped task)
2026-05-04T09:13:15Z WARN  [synthetic] ECS service started 1 task (replacing a stopped task)
2026-05-04T09:14:08Z ERROR [synthetic] ECS task stopped: OutOfMemoryError: Container killed due to memory usage
2026-05-04T09:14:26Z WARN  [synthetic] ECS service started 1 task (replacing a stopped task)
2026-05-04T09:14:29Z INFO  [synthetic] {"level":"info","msg":"login succeeded","account":"acct-3753","method":"saml"}
2026-05-04T09:15:22Z WARN  [synthetic] ECS service started 1 task (replacing a stopped task)
2026-05-04T09:19:10Z WARN  [synthetic] ECS service started 1 task (replacing a stopped task)
2026-05-04T09:19:49Z ERROR [synthetic] ECS task stopped: OutOfMemoryError: Container killed due to memory usage
2026-05-04T09:20:31Z WARN  [synthetic] ECS service started 1 task (replacing a stopped task)
2026-05-04T09:20:55Z WARN  [synthetic] ECS service started 1 task (replacing a stopped task)
2026-05-04T09:21:12Z INFO  [synthetic] {"level":"info","msg":"token validated","account":"acct-8898","latency_ms":64}
2026-05-04T09:22:08Z ERROR [synthetic] ECS task stopped: OutOfMemoryError: Container killed due to memory usage
2026-05-04T09:23:48Z ERROR [synthetic] ECS task stopped: OutOfMemoryError: Container killed due to memory usage
2026-05-04T09:24:02Z ERROR [synthetic] ECS task stopped: OutOfMemoryError: Container killed due to memory usage
2026-05-04T09:24:17Z INFO  [synthetic] {"level":"info","msg":"login succeeded","account":"acct-7720","method":"saml"}
2026-05-04T09:24:32Z ERROR [synthetic] ECS task stopped: OutOfMemoryError: Container killed due to memory usage
2026-05-04T09:25:19Z WARN  [synthetic] ECS service started 1 task (replacing a stopped task)
2026-05-04T09:26:21Z ERROR [synthetic] ECS task stopped: OutOfMemoryError: Container killed due to memory usage
2026-05-04T09:26:34Z WARN  [synthetic] ECS service started 1 task (replacing a stopped task)
2026-05-04T09:27:25Z INFO  [synthetic] {"level":"info","msg":"login succeeded","account":"acct-3540","method":"saml"}
2026-05-04T09:27:27Z WARN  [synthetic] ECS service started 1 task (replacing a stopped task)
2026-05-04T09:29:37Z INFO  [synthetic] {"level":"info","msg":"login succeeded","account":"acct-7570","method":"saml"}
2026-05-04T09:30:34Z ERROR [synthetic] ECS task stopped: OutOfMemoryError: Container killed due to memory usage
2026-05-04T09:31:14Z ERROR [synthetic] ECS task stopped: OutOfMemoryError: Container killed due to memory usage
2026-05-04T09:31:30Z ERROR [synthetic] ECS task stopped: OutOfMemoryError: Container killed due to memory usage
2026-05-04T09:32:48Z WARN  [synthetic] ECS service started 1 task (replacing a stopped task)
2026-05-04T09:33:20Z WARN  [synthetic] ECS service started 1 task (replacing a stopped task)
2026-05-04T09:33:22Z WARN  [synthetic] ECS service started 1 task (replacing a stopped task)
2026-05-04T09:34:12Z INFO  [synthetic] {"level":"info","msg":"session refreshed","account":"acct-6631","ttl_s":3600}
2026-05-04T09:35:23Z ERROR [synthetic] ECS task stopped: OutOfMemoryError: Container killed due to memory usage
2026-05-04T09:35:54Z ERROR [synthetic] ECS task stopped: OutOfMemoryError: Container killed due to memory usage
2026-05-04T09:36:08Z ERROR [synthetic] ECS task stopped: OutOfMemoryError: Container killed due to memory usage
2026-05-04T09:38:24Z WARN  [synthetic] ECS service started 1 task (replacing a stopped task)
2026-05-04T09:40:32Z INFO  [synthetic] {"level":"info","msg":"session refreshed","account":"acct-6599","ttl_s":3600}
2026-05-04T09:40:49Z WARN  [synthetic] ECS service started 1 task (replacing a stopped task)
2026-05-04T09:41:07Z INFO  [synthetic] {"level":"info","msg":"token validated","account":"acct-9263","latency_ms":48}
2026-05-04T09:43:43Z WARN  [synthetic] ECS service started 1 task (replacing a stopped task)
2026-05-04T09:44:57Z ERROR [synthetic] ECS task stopped: OutOfMemoryError: Container killed due to memory usage
2026-05-04T09:45:40Z INFO  [synthetic] {"level":"info","msg":"token validated","account":"acct-6682","latency_ms":92}
2026-05-04T09:46:17Z INFO  [synthetic] {"level":"info","msg":"login succeeded","account":"acct-2760","method":"password"}
2026-05-04T09:46:27Z WARN  [synthetic] ECS service started 1 task (replacing a stopped task)
2026-05-04T09:46:45Z INFO  [synthetic] {"level":"info","msg":"login succeeded","account":"acct-6257","method":"saml"}
2026-05-04T09:48:26Z ERROR [synthetic] ECS task stopped: OutOfMemoryError: Container killed due to memory usage
2026-05-04T09:49:07Z INFO  [synthetic] {"level":"info","msg":"token validated","account":"acct-8556","latency_ms":27}
2026-05-04T09:50:07Z WARN  [synthetic] ECS service started 1 task (replacing a stopped task)
2026-05-04T09:50:23Z WARN  [synthetic] ECS service started 1 task (replacing a stopped task)
2026-05-04T09:50:25Z INFO  [synthetic] {"level":"info","msg":"token validated","account":"acct-4751","latency_ms":67}
2026-05-04T09:50:42Z WARN  [synthetic] ECS service started 1 task (replacing a stopped task)
2026-05-04T09:51:50Z ERROR [synthetic] ECS task stopped: OutOfMemoryError: Container killed due to memory usage
2026-05-04T09:52:07Z ERROR [synthetic] ECS task stopped: OutOfMemoryError: Container killed due to memory usage
2026-05-04T09:52:27Z WARN  [synthetic] ECS service started 1 task (replacing a stopped task)
2026-05-04T09:52:27Z WARN  [synthetic] ECS service started 1 task (replacing a stopped task)
2026-05-04T09:52:52Z ERROR [synthetic] ECS task stopped: OutOfMemoryError: Container killed due to memory usage
2026-05-04T09:54:07Z ERROR [synthetic] ECS task stopped: OutOfMemoryError: Container killed due to memory usage
2026-05-04T09:55:01Z INFO  [synthetic] {"level":"info","msg":"login succeeded","account":"acct-5779","method":"saml"}
2026-05-04T09:55:20Z WARN  [synthetic] ECS service started 1 task (replacing a stopped task)
2026-05-04T09:56:21Z ERROR [synthetic] ECS task stopped: OutOfMemoryError: Container killed due to memory usage
2026-05-04T09:58:06Z INFO  [synthetic] {"level":"info","msg":"login succeeded","account":"acct-8978","method":"password"}
2026-05-04T09:58:07Z WARN  [synthetic] ECS service started 1 task (replacing a stopped task)
2026-05-04T09:58:44Z WARN  [synthetic] ECS service started 1 task (replacing a stopped task)
2026-05-04T10:01:14Z WARN  [synthetic] ECS service started 1 task (replacing a stopped task)
2026-05-04T10:01:52Z WARN  [synthetic] ECS service started 1 task (replacing a stopped task)
2026-05-04T10:01:53Z INFO  [synthetic] {"level":"info","msg":"login succeeded","account":"acct-2300","method":"saml"}
2026-05-04T10:02:21Z ERROR [synthetic] ECS task stopped: OutOfMemoryError: Container killed due to memory usage
2026-05-04T10:03:24Z WARN  [synthetic] ECS service started 1 task (replacing a stopped task)
2026-05-04T10:03:41Z ERROR [synthetic] ECS task stopped: OutOfMemoryError: Container killed due to memory usage
2026-05-04T10:04:30Z WARN  [synthetic] ECS service started 1 task (replacing a stopped task)
2026-05-04T10:05:02Z WARN  [synthetic] {"level":"warn","msg":"login failed: bad password","account":"acct-9023"}
2026-05-04T10:05:14Z WARN  [synthetic] ECS service started 1 task (replacing a stopped task)
2026-05-04T10:05:22Z WARN  [synthetic] ECS service started 1 task (replacing a stopped task)
2026-05-04T10:05:24Z ERROR [synthetic] ECS task stopped: OutOfMemoryError: Container killed due to memory usage
2026-05-04T10:06:15Z INFO  [synthetic] {"level":"info","msg":"login succeeded","account":"acct-7143","method":"saml"}
2026-05-04T10:07:07Z ERROR [synthetic] ECS task stopped: OutOfMemoryError: Container killed due to memory usage
2026-05-04T10:08:17Z ERROR [synthetic] ECS task stopped: OutOfMemoryError: Container killed due to memory usage
2026-05-04T10:08:42Z INFO  [synthetic] {"level":"info","msg":"login succeeded","account":"acct-9688","method":"password"}
2026-05-04T10:10:23Z WARN  [synthetic] ECS service started 1 task (replacing a stopped task)
2026-05-04T10:11:27Z ERROR [synthetic] ECS task stopped: OutOfMemoryError: Container killed due to memory usage
2026-05-04T10:12:38Z WARN  [synthetic] ECS service started 1 task (replacing a stopped task)
2026-05-04T10:14:29Z ERROR [synthetic] ECS task stopped: OutOfMemoryError: Container killed due to memory usage
2026-05-04T10:14:52Z ERROR [synthetic] ECS task stopped: OutOfMemoryError: Container killed due to memory usage
2026-05-04T10:15:52Z ERROR [synthetic] ECS task stopped: OutOfMemoryError: Container killed due to memory usage
2026-05-04T10:16:48Z WARN  [synthetic] ECS service started 1 task (replacing a stopped task)
2026-05-04T10:18:07Z WARN  [synthetic] ECS service started 1 task (replacing a stopped task)
2026-05-04T10:19:15Z ERROR [synthetic] ECS task stopped: OutOfMemoryError: Container killed due to memory usage
2026-05-04T10:19:51Z WARN  [synthetic] ECS service started 1 task (replacing a stopped task)
2026-05-04T10:19:58Z INFO  [synthetic] {"level":"info","msg":"login succeeded","account":"acct-6238","method":"password"}
2026-05-04T10:20:13Z ERROR [synthetic] ECS task stopped: OutOfMemoryError: Container killed due to memory usage
2026-05-04T10:20:26Z INFO  [synthetic] {"level":"info","msg":"login succeeded","account":"acct-6055","method":"saml"}
2026-05-04T10:20:46Z ERROR [synthetic] ECS task stopped: OutOfMemoryError: Container killed due to memory usage
2026-05-04T10:21:33Z ERROR [synthetic] ECS task stopped: OutOfMemoryError: Container killed due to memory usage
2026-05-04T10:22:31Z ERROR [synthetic] ECS task stopped: OutOfMemoryError: Container killed due to memory usage
2026-05-04T10:22:47Z ERROR [synthetic] ECS task stopped: OutOfMemoryError: Container killed due to memory usage
2026-05-04T10:23:26Z ERROR [synthetic] ECS task stopped: OutOfMemoryError: Container killed due to memory usage
2026-05-04T10:23:48Z ERROR [synthetic] ECS task stopped: OutOfMemoryError: Container killed due to memory usage
2026-05-04T10:25:13Z INFO  [synthetic] {"level":"info","msg":"login succeeded","account":"acct-6555","method":"saml"}
2026-05-04T10:25:24Z ERROR [synthetic] ECS task stopped: OutOfMemoryError: Container killed due to memory usage
2026-05-04T10:25:42Z INFO  [synthetic] {"level":"info","msg":"login succeeded","account":"acct-9007","method":"password"}
2026-05-04T10:25:53Z ERROR [synthetic] ECS task stopped: OutOfMemoryError: Container killed due to memory usage
2026-05-04T10:26:24Z WARN  [synthetic] ECS service started 1 task (replacing a stopped task)
2026-05-04T10:26:49Z INFO  [synthetic] {"level":"info","msg":"token validated","account":"acct-8535","latency_ms":48}
2026-05-04T10:27:51Z INFO  [synthetic] {"level":"info","msg":"session refreshed","account":"acct-3985","ttl_s":3600}
2026-05-04T10:28:36Z INFO  [synthetic] {"level":"info","msg":"login succeeded","account":"acct-9902","method":"password"}
2026-05-04T10:29:02Z INFO  [synthetic] {"level":"info","msg":"login succeeded","account":"acct-4716","method":"saml"}
2026-05-04T10:29:13Z WARN  [synthetic] ECS service started 1 task (replacing a stopped task)
2026-05-04T10:29:45Z ERROR [synthetic] ECS task stopped: OutOfMemoryError: Container killed due to memory usage
2026-05-04T10:33:21Z INFO  [synthetic] {"level":"info","msg":"login succeeded","account":"acct-7786","method":"password"}
2026-05-04T10:33:40Z ERROR [synthetic] ECS task stopped: OutOfMemoryError: Container killed due to memory usage
2026-05-04T10:34:12Z WARN  [synthetic] ECS service started 1 task (replacing a stopped task)
2026-05-04T10:34:21Z ERROR [synthetic] ECS task stopped: OutOfMemoryError: Container killed due to memory usage
2026-05-04T10:35:18Z WARN  [synthetic] ECS service started 1 task (replacing a stopped task)
2026-05-04T10:36:24Z ERROR [synthetic] ECS task stopped: OutOfMemoryError: Container killed due to memory usage
2026-05-04T10:36:26Z WARN  [synthetic] ECS service started 1 task (replacing a stopped task)
2026-05-04T10:36:43Z INFO  [synthetic] {"level":"info","msg":"token validated","account":"acct-4574","latency_ms":58}
2026-05-04T10:37:01Z ERROR [synthetic] ECS task stopped: OutOfMemoryError: Container killed due to memory usage
2026-05-04T10:39:01Z WARN  [synthetic] ECS service started 1 task (replacing a stopped task)
2026-05-04T10:40:27Z ERROR [synthetic] ECS task stopped: OutOfMemoryError: Container killed due to memory usage
2026-05-04T10:40:34Z ERROR [synthetic] ECS task stopped: OutOfMemoryError: Container killed due to memory usage
2026-05-04T10:41:16Z INFO  [synthetic] {"level":"info","msg":"login succeeded","account":"acct-7976","method":"password"}
2026-05-04T10:41:20Z WARN  [synthetic] ECS service started 1 task (replacing a stopped task)
2026-05-04T10:41:58Z ERROR [synthetic] ECS task stopped: OutOfMemoryError: Container killed due to memory usage
2026-05-04T10:41:59Z ERROR [synthetic] ECS task stopped: OutOfMemoryError: Container killed due to memory usage
2026-05-04T10:42:53Z WARN  [synthetic] ECS service started 1 task (replacing a stopped task)
2026-05-04T10:43:23Z ERROR [synthetic] ECS task stopped: OutOfMemoryError: Container killed due to memory usage
2026-05-04T10:43:35Z WARN  [synthetic] ECS service started 1 task (replacing a stopped task)
2026-05-04T10:43:46Z ERROR [synthetic] ECS task stopped: OutOfMemoryError: Container killed due to memory usage
2026-05-04T10:45:25Z ERROR [synthetic] ECS task stopped: OutOfMemoryError: Container killed due to memory usage
2026-05-04T10:46:00Z ERROR [synthetic] ECS task stopped: OutOfMemoryError: Container killed due to memory usage
2026-05-04T10:46:11Z WARN  [synthetic] ECS service started 1 task (replacing a stopped task)
2026-05-04T10:46:14Z WARN  [synthetic] ECS service started 1 task (replacing a stopped task)
2026-05-04T10:46:50Z WARN  [synthetic] ECS service started 1 task (replacing a stopped task)
2026-05-04T10:47:25Z INFO  [synthetic] {"level":"info","msg":"token validated","account":"acct-3726","latency_ms":30}
2026-05-04T10:47:42Z WARN  [synthetic] ECS service started 1 task (replacing a stopped task)
2026-05-04T10:48:58Z INFO  [synthetic] {"level":"info","msg":"login succeeded","account":"acct-5394","method":"saml"}
2026-05-04T10:49:55Z WARN  [synthetic] ECS service started 1 task (replacing a stopped task)
2026-05-04T10:50:23Z ERROR [synthetic] ECS task stopped: OutOfMemoryError: Container killed due to memory usage
2026-05-04T10:50:42Z WARN  [synthetic] ECS service started 1 task (replacing a stopped task)
2026-05-04T10:50:43Z WARN  [synthetic] ECS service started 1 task (replacing a stopped task)
2026-05-04T10:50:44Z INFO  [synthetic] {"level":"info","msg":"session refreshed","account":"acct-4948","ttl_s":3600}
2026-05-04T10:51:31Z ERROR [synthetic] ECS task stopped: OutOfMemoryError: Container killed due to memory usage
2026-05-04T10:51:39Z ERROR [synthetic] ECS task stopped: OutOfMemoryError: Container killed due to memory usage
2026-05-04T10:52:13Z WARN  [synthetic] ECS service started 1 task (replacing a stopped task)
2026-05-04T10:52:26Z WARN  [synthetic] ECS service started 1 task (replacing a stopped task)
2026-05-04T10:52:55Z WARN  [synthetic] ECS service started 1 task (replacing a stopped task)
2026-05-04T10:53:06Z WARN  [synthetic] ECS service started 1 task (replacing a stopped task)
2026-05-04T10:53:51Z ERROR [synthetic] ECS task stopped: OutOfMemoryError: Container killed due to memory usage
2026-05-04T10:53:51Z ERROR [synthetic] ECS task stopped: OutOfMemoryError: Container killed due to memory usage
2026-05-04T10:53:52Z WARN  [synthetic] ECS service started 1 task (replacing a stopped task)
2026-05-04T10:55:34Z ERROR [synthetic] ECS task stopped: OutOfMemoryError: Container killed due to memory usage
2026-05-04T10:55:35Z INFO  [synthetic] {"level":"info","msg":"login succeeded","account":"acct-7688","method":"password"}
2026-05-04T10:55:43Z ERROR [synthetic] ECS task stopped: OutOfMemoryError: Container killed due to memory usage
2026-05-04T10:56:24Z INFO  [synthetic] {"level":"info","msg":"session refreshed","account":"acct-6784","ttl_s":3600}
2026-05-04T10:56:26Z ERROR [synthetic] ECS task stopped: OutOfMemoryError: Container killed due to memory usage
2026-05-04T10:56:44Z WARN  [synthetic] ECS service started 1 task (replacing a stopped task)
2026-05-04T10:56:48Z WARN  [synthetic] ECS service started 1 task (replacing a stopped task)
2026-05-04T10:58:16Z INFO  [synthetic] {"level":"info","msg":"token validated","account":"acct-3083","latency_ms":95}
2026-05-04T10:59:44Z WARN  [synthetic] ECS service started 1 task (replacing a stopped task)
2026-05-04T11:00:00Z INFO  [synthetic] {"level":"info","msg":"login succeeded","account":"acct-1174","method":"password"}
2026-05-04T11:00:36Z INFO  [synthetic] {"level":"info","msg":"token validated","account":"acct-3735","latency_ms":41}
2026-05-04T11:00:37Z ERROR [synthetic] ECS task stopped: OutOfMemoryError: Container killed due to memory usage
2026-05-04T11:00:41Z WARN  [synthetic] ECS service started 1 task (replacing a stopped task)
2026-05-04T11:00:55Z WARN  [synthetic] ECS service started 1 task (replacing a stopped task)
2026-05-04T11:00:55Z WARN  [synthetic] ECS service started 1 task (replacing a stopped task)
2026-05-04T11:01:08Z INFO  [synthetic] {"level":"info","msg":"login succeeded","account":"acct-1995","method":"password"}
2026-05-04T11:01:44Z ERROR [synthetic] ECS task stopped: OutOfMemoryError: Container killed due to memory usage
2026-05-04T11:01:55Z INFO  [synthetic] {"level":"info","msg":"token validated","account":"acct-5414","latency_ms":41}
2026-05-04T11:02:23Z ERROR [synthetic] ECS task stopped: OutOfMemoryError: Container killed due to memory usage
2026-05-04T11:02:49Z ERROR [synthetic] ECS task stopped: OutOfMemoryError: Container killed due to memory usage
2026-05-04T11:03:42Z INFO  [synthetic] {"level":"info","msg":"login succeeded","account":"acct-3919","method":"password"}
2026-05-04T11:04:25Z INFO  [synthetic] {"level":"info","msg":"token validated","account":"acct-2659","latency_ms":2}
2026-05-04T11:04:38Z WARN  [synthetic] ECS service started 1 task (replacing a stopped task)
2026-05-04T11:05:48Z INFO  [synthetic] {"level":"info","msg":"login succeeded","account":"acct-8811","method":"password"}
2026-05-04T11:06:11Z WARN  [synthetic] ECS service started 1 task (replacing a stopped task)
2026-05-04T11:07:23Z ERROR [synthetic] ECS task stopped: OutOfMemoryError: Container killed due to memory usage
2026-05-04T11:08:05Z ERROR [synthetic] ECS task stopped: OutOfMemoryError: Container killed due to memory usage
2026-05-04T11:08:12Z ERROR [synthetic] ECS task stopped: OutOfMemoryError: Container killed due to memory usage
2026-05-04T11:10:23Z ERROR [synthetic] ECS task stopped: OutOfMemoryError: Container killed due to memory usage
2026-05-04T11:12:06Z WARN  [synthetic] ECS service started 1 task (replacing a stopped task)
2026-05-04T11:12:36Z ERROR [synthetic] ECS task stopped: OutOfMemoryError: Container killed due to memory usage
2026-05-04T11:12:43Z WARN  [synthetic] ECS service started 1 task (replacing a stopped task)
2026-05-04T11:13:26Z WARN  [synthetic] ECS service started 1 task (replacing a stopped task)
2026-05-04T11:13:34Z INFO  [synthetic] {"level":"info","msg":"login succeeded","account":"acct-4874","method":"password"}
2026-05-04T11:14:01Z ERROR [synthetic] ECS task stopped: OutOfMemoryError: Container killed due to memory usage
2026-05-04T11:14:03Z WARN  [synthetic] ECS service started 1 task (replacing a stopped task)
2026-05-04T11:15:05Z ERROR [synthetic] ECS task stopped: OutOfMemoryError: Container killed due to memory usage
2026-05-04T11:15:57Z ERROR [synthetic] ECS task stopped: OutOfMemoryError: Container killed due to memory usage
2026-05-04T11:16:30Z ERROR [synthetic] ECS task stopped: OutOfMemoryError: Container killed due to memory usage
2026-05-04T11:16:45Z WARN  [synthetic] ECS service started 1 task (replacing a stopped task)
2026-05-04T11:17:31Z ERROR [synthetic] ECS task stopped: OutOfMemoryError: Container killed due to memory usage
2026-05-04T11:17:37Z INFO  [synthetic] {"level":"info","msg":"session refreshed","account":"acct-8716","ttl_s":3600}
2026-05-04T11:18:19Z WARN  [synthetic] ECS service started 1 task (replacing a stopped task)
2026-05-04T11:19:35Z WARN  [synthetic] ECS service started 1 task (replacing a stopped task)
2026-05-04T11:21:39Z WARN  [synthetic] ECS service started 1 task (replacing a stopped task)
2026-05-04T11:21:48Z WARN  [synthetic] ECS service started 1 task (replacing a stopped task)
2026-05-04T11:22:31Z INFO  [synthetic] {"level":"info","msg":"token validated","account":"acct-7013","latency_ms":50}
2026-05-04T11:22:37Z INFO  [synthetic] {"level":"info","msg":"token validated","account":"acct-9573","latency_ms":80}
2026-05-04T11:22:55Z ERROR [synthetic] ECS task stopped: OutOfMemoryError: Container killed due to memory usage
2026-05-04T11:23:01Z WARN  [synthetic] ECS service started 1 task (replacing a stopped task)
2026-05-04T11:25:49Z WARN  [synthetic] ECS service started 1 task (replacing a stopped task)
2026-05-04T11:25:59Z WARN  [synthetic] ECS service started 1 task (replacing a stopped task)
2026-05-04T11:26:36Z INFO  [synthetic] {"level":"info","msg":"session refreshed","account":"acct-3091","ttl_s":3600}
2026-05-04T11:27:02Z INFO  [synthetic] {"level":"info","msg":"token validated","account":"acct-5033","latency_ms":58}
2026-05-04T11:27:25Z WARN  [synthetic] ECS service started 1 task (replacing a stopped task)
2026-05-04T11:30:09Z INFO  [synthetic] {"level":"info","msg":"login succeeded","account":"acct-3498","method":"password"}
2026-05-04T11:30:15Z WARN  [synthetic] ECS service started 1 task (replacing a stopped task)
2026-05-04T11:30:17Z INFO  [synthetic] {"level":"info","msg":"login succeeded","account":"acct-7516","method":"saml"}
2026-05-04T11:31:17Z ERROR [synthetic] ECS task stopped: OutOfMemoryError: Container killed due to memory usage
2026-05-04T11:33:48Z INFO  [synthetic] {"level":"info","msg":"session refreshed","account":"acct-1422","ttl_s":3600}
2026-05-04T11:35:46Z WARN  [synthetic] ECS service started 1 task (replacing a stopped task)
2026-05-04T11:39:11Z INFO  [synthetic] {"level":"info","msg":"session refreshed","account":"acct-1499","ttl_s":3600}
2026-05-04T11:40:03Z WARN  [synthetic] ECS service started 1 task (replacing a stopped task)
2026-05-04T11:41:06Z ERROR [synthetic] ECS task stopped: OutOfMemoryError: Container killed due to memory usage
2026-05-04T11:41:41Z WARN  [synthetic] ECS service started 1 task (replacing a stopped task)
2026-05-04T11:41:56Z WARN  [synthetic] ECS service started 1 task (replacing a stopped task)
2026-05-04T11:42:56Z WARN  [synthetic] {"level":"warn","msg":"login failed: bad password","account":"acct-5070"}
2026-05-04T11:43:01Z WARN  [synthetic] ECS service started 1 task (replacing a stopped task)
2026-05-04T11:43:55Z WARN  [synthetic] ECS service started 1 task (replacing a stopped task)
2026-05-04T11:44:01Z WARN  [synthetic] ECS service started 1 task (replacing a stopped task)
2026-05-04T11:44:23Z ERROR [synthetic] ECS task stopped: OutOfMemoryError: Container killed due to memory usage
2026-05-04T11:44:47Z WARN  [synthetic] ECS service started 1 task (replacing a stopped task)
2026-05-04T11:45:23Z ERROR [synthetic] ECS task stopped: OutOfMemoryError: Container killed due to memory usage
2026-05-04T11:46:04Z ERROR [synthetic] ECS task stopped: OutOfMemoryError: Container killed due to memory usage
2026-05-04T11:46:52Z ERROR [synthetic] ECS task stopped: OutOfMemoryError: Container killed due to memory usage
2026-05-04T11:47:15Z WARN  [synthetic] ECS service started 1 task (replacing a stopped task)
2026-05-04T11:47:24Z ERROR [synthetic] ECS task stopped: OutOfMemoryError: Container killed due to memory usage
2026-05-04T11:48:04Z ERROR [synthetic] ECS task stopped: OutOfMemoryError: Container killed due to memory usage
2026-05-04T11:48:24Z ERROR [synthetic] ECS task stopped: OutOfMemoryError: Container killed due to memory usage
2026-05-04T11:49:15Z WARN  [synthetic] ECS service started 1 task (replacing a stopped task)
2026-05-04T11:50:09Z INFO  [synthetic] {"level":"info","msg":"login succeeded","account":"acct-7557","method":"saml"}
2026-05-04T11:50:10Z INFO  [synthetic] {"level":"info","msg":"token validated","account":"acct-1833","latency_ms":76}
2026-05-04T11:52:38Z ERROR [synthetic] ECS task stopped: OutOfMemoryError: Container killed due to memory usage
2026-05-04T11:53:02Z ERROR [synthetic] ECS task stopped: OutOfMemoryError: Container killed due to memory usage
2026-05-04T11:53:21Z ERROR [synthetic] ECS task stopped: OutOfMemoryError: Container killed due to memory usage
