2026-06-07T11:37:58Z INFO  [synthetic] c.f.b.invoice.InvoiceService - invoice INV-594579 generated lines=44 in 10 ms
2026-06-07T11:41:33Z INFO  [synthetic] c.f.b.api.UsageController - GET /v1/usage account=acct-1471 46 ms
2026-06-07T11:41:50Z INFO  [synthetic] c.f.b.invoice.InvoiceService - invoice INV-243414 generated lines=25 in 58 ms
2026-06-07T11:42:04Z WARN  [synthetic] c.f.b.api.UsageController - account acct-4005 requested usage for a closed period
2026-06-07T11:43:26Z WARN  [synthetic] c.f.b.client.NotificationClient - call to notification-svc failed: HTTP 429 Too Many Requests
2026-06-07T11:43:28Z WARN  [synthetic] c.f.b.client.NotificationClient - call to notification-svc failed: HTTP 429 Too Many Requests
2026-06-07T11:43:34Z WARN  [synthetic] c.f.b.client.NotificationClient - call to notification-svc failed: HTTP 429 Too Many Requests
2026-06-07T11:43:38Z WARN  [synthetic] c.f.b.client.NotificationClient - call to notification-svc failed: HTTP 429 Too Many Requests
2026-06-07T11:44:33Z INFO  [synthetic] c.f.b.api.UsageController - GET /v1/usage account=acct-7461 94 ms
2026-06-07T11:44:42Z WARN  [synthetic] c.f.b.client.NotificationClient - call to notification-svc failed: HTTP 429 Too Many Requests
2026-06-07T11:44:55Z WARN  [synthetic] c.f.b.client.NotificationClient - call to notification-svc failed: HTTP 429 Too Many Requests
2026-06-07T11:45:59Z WARN  [synthetic] c.f.b.client.NotificationClient - call to notification-svc failed: HTTP 429 Too Many Requests
2026-06-07T11:47:51Z WARN  [synthetic] c.f.b.client.NotificationClient - call to notification-svc failed: HTTP 429 Too Many Requests
2026-06-07T11:48:13Z WARN  [synthetic] c.f.b.client.NotificationClient - call to notification-svc failed: HTTP 429 Too Many Requests
2026-06-07T11:49:19Z WARN  [synthetic] c.f.b.client.NotificationClient - call to notification-svc failed: HTTP 429 Too Many Requests
2026-06-07T11:49:42Z WARN  [synthetic] c.f.b.client.NotificationClient - call to notification-svc failed: HTTP 429 Too Many Requests
2026-06-07T11:50:03Z WARN  [synthetic] c.f.b.client.NotificationClient - call to notification-svc failed: HTTP 429 Too Many Requests
2026-06-07T11:50:41Z WARN  [synthetic] c.f.b.client.NotificationClient - call to notification-svc failed: HTTP 429 Too Many Requests
2026-06-07T11:51:23Z INFO  [synthetic] c.f.b.consumer.UsageEventConsumer - processed usage event account=acct-7915 hours=23
2026-06-07T11:51:58Z INFO  [synthetic] c.f.b.invoice.InvoiceService - invoice INV-577499 generated lines=38 in 45 ms
2026-06-07T11:53:45Z WARN  [synthetic] c.f.b.client.NotificationClient - call to notification-svc failed: HTTP 429 Too Many Requests
2026-06-07T11:53:51Z WARN  [synthetic] c.f.b.client.NotificationClient - call to notification-svc failed: HTTP 429 Too Many Requests
2026-06-07T11:54:17Z WARN  [synthetic] c.f.b.client.NotificationClient - call to notification-svc failed: HTTP 429 Too Many Requests
2026-06-07T11:55:36Z WARN  [synthetic] c.f.b.client.NotificationClient - call to notification-svc failed: HTTP 429 Too Many Requests
2026-06-07T11:55:43Z INFO  [synthetic] c.f.b.api.UsageController - GET /v1/usage account=acct-7544 72 ms
2026-06-07T11:56:14Z WARN  [synthetic] c.f.b.client.NotificationClient - call to notification-svc failed: HTTP 429 Too Many Requests
2026-06-07T11:56:34Z WARN  [synthetic] c.f.b.client.NotificationClient - call to notification-svc failed: HTTP 429 Too Many Requests
2026-06-07T11:57:48Z INFO  [synthetic] c.f.b.invoice.InvoiceService - invoice INV-194109 generated lines=49 in 78 ms
2026-06-07T11:57:54Z WARN  [synthetic] c.f.b.client.NotificationClient - call to notification-svc failed: HTTP 429 Too Many Requests
2026-06-07T11:58:46Z WARN  [synthetic] c.f.b.client.NotificationClient - call to notification-svc failed: HTTP 429 Too Many Requests
2026-06-07T11:59:05Z INFO  [synthetic] c.f.b.invoice.InvoiceService - invoice INV-352837 generated lines=44 in 81 ms
2026-06-07T11:59:16Z INFO  [synthetic] c.f.b.invoice.InvoiceService - invoice INV-503057 generated lines=42 in 85 ms
2026-06-07T12:00:42Z INFO  [synthetic] c.f.b.invoice.InvoiceService - invoice INV-246445 generated lines=24 in 45 ms
2026-06-07T12:01:24Z WARN  [synthetic] c.f.b.client.NotificationClient - call to notification-svc failed: HTTP 429 Too Many Requests
2026-06-07T12:01:51Z WARN  [synthetic] c.f.b.client.NotificationClient - call to notification-svc failed: HTTP 429 Too Many Requests
2026-06-07T12:02:52Z WARN  [synthetic] c.f.b.client.NotificationClient - call to notification-svc failed: HTTP 429 Too Many Requests
2026-06-07T12:03:25Z INFO  [synthetic] c.f.b.api.UsageController - GET /v1/usage account=acct-9523 34 ms
2026-06-07T12:05:04Z WARN  [synthetic] c.f.b.client.NotificationClient - call to notification-svc failed: HTTP 429 Too Many Requests
2026-06-07T12:06:25Z WARN  [synthetic] c.f.b.client.NotificationClient - call to notification-svc failed: HTTP 429 Too Many Requests
2026-06-07T12:06:33Z WARN  [synthetic] c.f.b.client.NotificationClient - call to notification-svc failed: HTTP 429 Too Many Requests
2026-06-07T12:06:43Z WARN  [synthetic] c.f.b.client.NotificationClient - call to notification-svc failed: HTTP 429 Too Many Requests
2026-06-07T12:06:57Z WARN  [synthetic] c.f.b.client.NotificationClient - call to notification-svc failed: HTTP 429 Too Many Requests
2026-06-07T12:07:25Z WARN  [synthetic] c.f.b.client.NotificationClient - call to notification-svc failed: HTTP 429 Too Many Requests
2026-06-07T12:08:08Z WARN  [synthetic] c.f.b.client.NotificationClient - call to notification-svc failed: HTTP 429 Too Many Requests
2026-06-07T12:08:26Z WARN  [synthetic] c.f.b.client.NotificationClient - call to notification-svc failed: HTTP 429 Too Many Requests
2026-06-07T12:08:39Z INFO  [synthetic] c.f.b.consumer.UsageEventConsumer - processed usage event account=acct-6981 hours=5
2026-06-07T12:09:09Z INFO  [synthetic] c.f.b.consumer.UsageEventConsumer - processed usage event account=acct-5922 hours=4
2026-06-07T12:09:30Z WARN  [synthetic] c.f.b.client.NotificationClient - call to notification-svc failed: HTTP 429 Too Many Requests
2026-06-07T12:09:58Z WARN  [synthetic] c.f.b.client.NotificationClient - call to notification-svc failed: HTTP 429 Too Many Requests
2026-06-07T12:10:03Z WARN  [synthetic] c.f.b.client.NotificationClient - call to notification-svc failed: HTTP 429 Too Many Requests
2026-06-07T12:10:25Z WARN  [synthetic] c.f.b.client.NotificationClient - call to notification-svc failed: HTTP 429 Too Many Requests
2026-06-07T12:11:08Z INFO  [synthetic] c.f.b.consumer.UsageEventConsumer - processed usage event account=acct-4970 hours=30
2026-06-07T12:11:45Z WARN  [synthetic] c.f.b.client.NotificationClient - call to notification-svc failed: HTTP 429 Too Many Requests
2026-06-07T12:11:50Z INFO  [synthetic] c.f.b.api.UsageController - GET /v1/usage account=acct-4693 76 ms
2026-06-07T12:12:00Z INFO  [synthetic] c.f.b.consumer.UsageEventConsumer - processed usage event account=acct-9959 hours=31
2026-06-07T12:12:14Z WARN  [synthetic] c.f.b.client.NotificationClient - call to notification-svc failed: HTTP 429 Too Many Requests
2026-06-07T12:12:37Z INFO  [synthetic] c.f.b.invoice.InvoiceService - invoice INV-379558 generated lines=30 in 9 ms
2026-06-07T12:13:08Z WARN  [synthetic] c.f.b.client.NotificationClient - call to notification-svc failed: HTTP 429 Too Many Requests
2026-06-07T12:13:43Z WARN  [synthetic] c.f.b.client.NotificationClient - call to notification-svc failed: HTTP 429 Too Many Requests
2026-06-07T12:14:04Z WARN  [synthetic] c.f.b.client.NotificationClient - call to notification-svc failed: HTTP 429 Too Many Requests
2026-06-07T12:14:21Z INFO  [synthetic] c.f.b.invoice.InvoiceService - invoice INV-685352 generated lines=9 in 69 ms
2026-06-07T12:16:50Z INFO  [synthetic] c.f.b.invoice.InvoiceService - invoice INV-513367 generated lines=31 in 13 ms
2026-06-07T12:17:09Z INFO  [synthetic] c.f.b.invoice.InvoiceService - invoice INV-189301 generated lines=14 in 25 ms
2026-06-07T12:18:37Z WARN  [synthetic] c.f.b.client.NotificationClient - call to notification-svc failed: HTTP 429 Too Many Requests
2026-06-07T12:18:46Z WARN  [synthetic] c.f.b.client.NotificationClient - call to notification-svc failed: HTTP 429 Too Many Requests
2026-06-07T12:19:33Z WARN  [synthetic] c.f.b.client.NotificationClient - call to notification-svc failed: HTTP 429 Too Many Requests
2026-06-07T12:19:49Z WARN  [synthetic] c.f.b.client.NotificationClient - call to notification-svc failed: HTTP 429 Too Many Requests
2026-06-07T12:20:20Z WARN  [synthetic] c.f.b.client.NotificationClient - call to notification-svc failed: HTTP 429 Too Many Requests
2026-06-07T12:21:24Z WARN  [synthetic] c.f.b.client.NotificationClient - call to notification-svc failed: HTTP 429 Too Many Requests
2026-06-07T12:22:24Z WARN  [synthetic] c.f.b.client.NotificationClient - call to notification-svc failed: HTTP 429 Too Many Requests
2026-06-07T12:22:35Z WARN  [synthetic] c.f.b.client.NotificationClient - call to notification-svc failed: HTTP 429 Too Many Requests
2026-06-07T12:22:46Z INFO  [synthetic] c.f.b.consumer.UsageEventConsumer - processed usage event account=acct-3952 hours=56
2026-06-07T12:23:39Z WARN  [synthetic] c.f.b.client.NotificationClient - call to notification-svc failed: HTTP 429 Too Many Requests
2026-06-07T12:23:49Z WARN  [synthetic] c.f.b.client.NotificationClient - call to notification-svc failed: HTTP 429 Too Many Requests
2026-06-07T12:25:18Z INFO  [synthetic] c.f.b.consumer.UsageEventConsumer - processed usage event account=acct-5217 hours=59
2026-06-07T12:25:23Z WARN  [synthetic] c.f.b.client.NotificationClient - call to notification-svc failed: HTTP 429 Too Many Requests
2026-06-07T12:27:23Z INFO  [synthetic] c.f.b.api.UsageController - GET /v1/usage account=acct-8620 81 ms
2026-06-07T12:27:50Z WARN  [synthetic] c.f.b.client.NotificationClient - call to notification-svc failed: HTTP 429 Too Many Requests
2026-06-07T12:28:06Z WARN  [synthetic] c.f.b.client.NotificationClient - call to notification-svc failed: HTTP 429 Too Many Requests
2026-06-07T12:28:08Z WARN  [synthetic] c.f.b.client.NotificationClient - call to notification-svc failed: HTTP 429 Too Many Requests
2026-06-07T12:28:19Z WARN  [synthetic] c.f.b.client.NotificationClient - call to notification-svc failed: HTTP 429 Too Many Requests
2026-06-07T12:29:17Z WARN  [synthetic] c.f.b.client.NotificationClient - call to notification-svc failed: HTTP 429 Too Many Requests
2026-06-07T12:30:03Z INFO  [synthetic] c.f.b.api.UsageController - GET /v1/usage account=acct-4406 89 ms
2026-06-07T12:30:55Z INFO  [synthetic] c.f.b.api.UsageController - GET /v1/usage account=acct-7054 70 ms
2026-06-07T12:33:14Z INFO  [synthetic] c.f.b.invoice.InvoiceService - invoice INV-164813 generated lines=5 in 38 ms
2026-06-07T12:34:38Z WARN  [synthetic] c.f.b.client.NotificationClient - call to notification-svc failed: HTTP 429 Too Many Requests
2026-06-07T12:35:26Z WARN  [synthetic] c.f.b.client.NotificationClient - call to notification-svc failed: HTTP 429 Too Many Requests
2026-06-07T12:36:23Z INFO  [synthetic] c.f.b.invoice.InvoiceService - invoice INV-446822 generated lines=31 in 75 ms
2026-06-07T12:36:50Z INFO  [synthetic] c.f.b.consumer.UsageEventConsumer - processed usage event account=acct-5844 hours=58
2026-06-07T12:38:14Z WARN  [synthetic] c.f.b.client.NotificationClient - call to notification-svc failed: HTTP 429 Too Many Requests
2026-06-07T12:39:07Z INFO  [synthetic] c.f.b.consumer.UsageEventConsumer - processed usage event account=acct-9114 hours=12
2026-06-07T12:40:05Z WARN  [synthetic] c.f.b.client.NotificationClient - call to notification-svc failed: HTTP 429 Too Many Requests
2026-06-07T12:40:11Z WARN  [synthetic] c.f.b.client.NotificationClient - call to notification-svc failed: HTTP 429 Too Many Requests
2026-06-07T12:41:42Z WARN  [synthetic] c.f.b.client.NotificationClient - call to notification-svc failed: HTTP 429 Too Many Requests
2026-06-07T12:42:21Z WARN  [synthetic] c.f.b.client.NotificationClient - call to notification-svc failed: HTTP 429 Too Many Requests
2026-06-07T12:43:40Z WARN  [synthetic] c.f.b.client.NotificationClient - call to notification-svc failed: HTTP 429 Too Many Requests
2026-06-07T12:43:55Z WARN  [synthetic] c.f.b.client.NotificationClient - call to notification-svc failed: HTTP 429 Too Many Requests
2026-06-07T12:44:25Z WARN  [synthetic] c.f.b.client.NotificationClient - call to notification-svc failed: HTTP 429 Too Many Requests
2026-06-07T12:46:25Z WARN  [synthetic] c.f.b.client.NotificationClient - call to notification-svc failed: HTTP 429 Too Many Requests
2026-06-07T12:46:52Z WARN  [synthetic] c.f.b.client.NotificationClient - call to notification-svc failed: HTTP 429 Too Many Requests
2026-06-07T12:48:10Z WARN  [synthetic] c.f.b.client.NotificationClient - call to notification-svc failed: HTTP 429 Too Many Requests
2026-06-07T12:48:26Z WARN  [synthetic] c.f.b.client.NotificationClient - call to notification-svc failed: HTTP 429 Too Many Requests
2026-06-07T12:50:06Z WARN  [synthetic] c.f.b.client.NotificationClient - call to notification-svc failed: HTTP 429 Too Many Requests
2026-06-07T12:50:09Z INFO  [synthetic] c.f.b.api.UsageController - GET /v1/usage account=acct-3794 40 ms
2026-06-07T12:51:16Z INFO  [synthetic] c.f.b.invoice.InvoiceService - invoice INV-815073 generated lines=32 in 62 ms
2026-06-07T12:51:20Z WARN  [synthetic] c.f.b.client.NotificationClient - call to notification-svc failed: HTTP 429 Too Many Requests
2026-06-07T12:53:36Z WARN  [synthetic] c.f.b.client.NotificationClient - call to notification-svc failed: HTTP 429 Too Many Requests
2026-06-07T12:54:10Z WARN  [synthetic] c.f.b.client.NotificationClient - call to notification-svc failed: HTTP 429 Too Many Requests
2026-06-07T12:55:58Z INFO  [synthetic] c.f.b.invoice.InvoiceService - invoice INV-707439 generated lines=8 in 82 ms
2026-06-07T12:56:09Z INFO  [synthetic] c.f.b.invoice.InvoiceService - invoice INV-429304 generated lines=20 in 11 ms
2026-06-07T12:57:09Z WARN  [synthetic] c.f.b.client.NotificationClient - call to notification-svc failed: HTTP 429 Too Many Requests
2026-06-07T12:57:11Z INFO  [synthetic] c.f.b.api.UsageController - GET /v1/usage account=acct-8465 89 ms
2026-06-07T12:58:40Z WARN  [synthetic] c.f.b.client.NotificationClient - call to notification-svc failed: HTTP 429 Too Many Requests
2026-06-07T12:58:56Z INFO  [synthetic] c.f.b.api.UsageController - GET /v1/usage account=acct-3024 46 ms
2026-06-07T12:59:11Z WARN  [synthetic] c.f.b.client.NotificationClient - call to notification-svc failed: HTTP 429 Too Many Requests
2026-06-07T13:00:36Z WARN  [synthetic] c.f.b.client.NotificationClient - call to notification-svc failed: HTTP 429 Too Many Requests
2026-06-07T13:01:17Z WARN  [synthetic] c.f.b.client.NotificationClient - call to notification-svc failed: HTTP 429 Too Many Requests
2026-06-07T13:03:02Z WARN  [synthetic] c.f.b.client.NotificationClient - call to notification-svc failed: HTTP 429 Too Many Requests
2026-06-07T13:03:17Z WARN  [synthetic] c.f.b.client.NotificationClient - call to notification-svc failed: HTTP 429 Too Many Requests
2026-06-07T13:03:36Z WARN  [synthetic] c.f.b.client.NotificationClient - call to notification-svc failed: HTTP 429 Too Many Requests
2026-06-07T13:03:47Z INFO  [synthetic] c.f.b.api.UsageController - GET /v1/usage account=acct-9013 70 ms
2026-06-07T13:04:07Z INFO  [synthetic] c.f.b.api.UsageController - GET /v1/usage account=acct-1641 23 ms
2026-06-07T13:04:25Z WARN  [synthetic] c.f.b.client.NotificationClient - call to notification-svc failed: HTTP 429 Too Many Requests
2026-06-07T13:04:34Z WARN  [synthetic] c.f.b.client.NotificationClient - call to notification-svc failed: HTTP 429 Too Many Requests
2026-06-07T13:05:52Z WARN  [synthetic] c.f.b.client.NotificationClient - call to notification-svc failed: HTTP 429 Too Many Requests
2026-06-07T13:06:39Z WARN  [synthetic] c.f.b.client.NotificationClient - call to notification-svc failed: HTTP 429 Too Many Requests
2026-06-07T13:08:17Z WARN  [synthetic] c.f.b.client.NotificationClient - call to notification-svc failed: HTTP 429 Too Many Requests
2026-06-07T13:08:59Z WARN  [synthetic] c.f.b.client.NotificationClient - call to notification-svc failed: HTTP 429 Too Many Requests
2026-06-07T13:09:32Z WARN  [synthetic] c.f.b.client.NotificationClient - call to notification-svc failed: HTTP 429 Too Many Requests
2026-06-07T13:10:10Z WARN  [synthetic] c.f.b.client.NotificationClient - call to notification-svc failed: HTTP 429 Too Many Requests
2026-06-07T13:11:16Z WARN  [synthetic] c.f.b.client.NotificationClient - call to notification-svc failed: HTTP 429 Too Many Requests
2026-06-07T13:14:14Z WARN  [synthetic] c.f.b.client.NotificationClient - call to notification-svc failed: HTTP 429 Too Many Requests
2026-06-07T13:16:27Z WARN  [synthetic] c.f.b.client.NotificationClient - call to notification-svc failed: HTTP 429 Too Many Requests
2026-06-07T13:17:04Z WARN  [synthetic] c.f.b.client.NotificationClient - call to notification-svc failed: HTTP 429 Too Many Requests
2026-06-07T13:17:22Z WARN  [synthetic] c.f.b.client.NotificationClient - call to notification-svc failed: HTTP 429 Too Many Requests
2026-06-07T13:18:34Z INFO  [synthetic] c.f.b.consumer.UsageEventConsumer - processed usage event account=acct-1083 hours=36
2026-06-07T13:19:05Z INFO  [synthetic] c.f.b.consumer.UsageEventConsumer - processed usage event account=acct-6024 hours=60
2026-06-07T13:19:20Z WARN  [synthetic] c.f.b.client.NotificationClient - call to notification-svc failed: HTTP 429 Too Many Requests
2026-06-07T13:20:11Z WARN  [synthetic] c.f.b.client.NotificationClient - call to notification-svc failed: HTTP 429 Too Many Requests
2026-06-07T13:20:17Z WARN  [synthetic] c.f.b.client.NotificationClient - call to notification-svc failed: HTTP 429 Too Many Requests
2026-06-07T13:20:26Z WARN  [synthetic] c.f.b.client.NotificationClient - call to notification-svc failed: HTTP 429 Too Many Requests
2026-06-07T13:21:00Z WARN  [synthetic] c.f.b.client.NotificationClient - call to notification-svc failed: HTTP 429 Too Many Requests
2026-06-07T13:21:19Z INFO  [synthetic] c.f.b.consumer.UsageEventConsumer - processed usage event account=acct-3661 hours=22
2026-06-07T13:21:39Z WARN  [synthetic] c.f.b.client.NotificationClient - call to notification-svc failed: HTTP 429 Too Many Requests
2026-06-07T13:21:58Z INFO  [synthetic] c.f.b.consumer.UsageEventConsumer - processed usage event account=acct-3704 hours=3
2026-06-07T13:22:15Z WARN  [synthetic] c.f.b.client.NotificationClient - call to notification-svc failed: HTTP 429 Too Many Requests
2026-06-07T13:22:19Z WARN  [synthetic] c.f.b.client.NotificationClient - call to notification-svc failed: HTTP 429 Too Many Requests
2026-06-07T13:22:55Z INFO  [synthetic] c.f.b.consumer.UsageEventConsumer - processed usage event account=acct-8084 hours=55
2026-06-07T13:23:26Z WARN  [synthetic] c.f.b.client.NotificationClient - call to notification-svc failed: HTTP 429 Too Many Requests
2026-06-07T13:23:48Z WARN  [synthetic] c.f.b.client.NotificationClient - call to notification-svc failed: HTTP 429 Too Many Requests
2026-06-07T13:24:53Z WARN  [synthetic] c.f.b.client.NotificationClient - call to notification-svc failed: HTTP 429 Too Many Requests
2026-06-07T13:25:38Z WARN  [synthetic] c.f.b.client.NotificationClient - call to notification-svc failed: HTTP 429 Too Many Requests
2026-06-07T13:25:49Z INFO  [synthetic] c.f.b.api.UsageController - GET /v1/usage account=acct-4678 72 ms
2026-06-07T13:26:01Z WARN  [synthetic] c.f.b.client.NotificationClient - call to notification-svc failed: HTTP 429 Too Many Requests
2026-06-07T13:27:27Z WARN  [synthetic] c.f.b.client.NotificationClient - call to notification-svc failed: HTTP 429 Too Many Requests
2026-06-07T13:27:56Z WARN  [synthetic] c.f.b.client.NotificationClient - call to notification-svc failed: HTTP 429 Too Many Requests
2026-06-07T13:28:00Z WARN  [synthetic] c.f.b.client.NotificationClient - call to notification-svc failed: HTTP 429 Too Many Requests
2026-06-07T13:28:03Z WARN  [synthetic] c.f.b.client.NotificationClient - call to notification-svc failed: HTTP 429 Too Many Requests
2026-06-07T13:28:44Z WARN  [synthetic] c.f.b.client.NotificationClient - call to notification-svc failed: HTTP 429 Too Many Requests
2026-06-07T13:30:27Z INFO  [synthetic] c.f.b.api.UsageController - GET /v1/usage account=acct-1465 4 ms
2026-06-07T13:32:15Z INFO  [synthetic] c.f.b.api.UsageController - GET /v1/usage account=acct-3312 4 ms
2026-06-07T13:34:13Z WARN  [synthetic] c.f.b.client.NotificationClient - call to notification-svc failed: HTTP 429 Too Many Requests
2026-06-07T13:34:49Z INFO  [synthetic] c.f.b.consumer.UsageEventConsumer - processed usage event account=acct-4735 hours=15
2026-06-07T13:35:34Z WARN  [synthetic] c.f.b.client.NotificationClient - call to notification-svc failed: HTTP 429 Too Many Requests
2026-06-07T13:35:57Z WARN  [synthetic] c.f.b.client.NotificationClient - call to notification-svc failed: HTTP 429 Too Many Requests
2026-06-07T13:36:21Z WARN  [synthetic] c.f.b.client.NotificationClient - call to notification-svc failed: HTTP 429 Too Many Requests
2026-06-07T13:37:40Z WARN  [synthetic] c.f.b.client.NotificationClient - call to notification-svc failed: HTTP 429 Too Many Requests
2026-06-07T13:38:17Z WARN  [synthetic] c.f.b.client.NotificationClient - call to notification-svc failed: HTTP 429 Too Many Requests
2026-06-07T13:39:30Z INFO  [synthetic] c.f.b.invoice.InvoiceService - invoice INV-389638 generated lines=9 in 46 ms
2026-06-07T13:40:06Z WARN  [synthetic] c.f.b.client.NotificationClient - call to notification-svc failed: HTTP 429 Too Many Requests
2026-06-07T13:42:39Z INFO  [synthetic] c.f.b.consumer.UsageEventConsumer - processed usage event account=acct-8851 hours=43
2026-06-07T13:43:04Z WARN  [synthetic] c.f.b.client.NotificationClient - call to notification-svc failed: HTTP 429 Too Many Requests
2026-06-07T13:43:04Z INFO  [synthetic] c.f.b.invoice.InvoiceService - invoice INV-673808 generated lines=28 in 3 ms
2026-06-07T13:43:53Z INFO  [synthetic] c.f.b.invoice.InvoiceService - invoice INV-501676 generated lines=40 in 74 ms
2026-06-07T13:44:45Z WARN  [synthetic] c.f.b.client.NotificationClient - call to notification-svc failed: HTTP 429 Too Many Requests
2026-06-07T13:45:07Z WARN  [synthetic] c.f.b.client.NotificationClient - call to notification-svc failed: HTTP 429 Too Many Requests
2026-06-07T13:45:11Z INFO  [synthetic] c.f.b.consumer.UsageEventConsumer - processed usage event account=acct-5355 hours=7
2026-06-07T13:45:25Z INFO  [synthetic] c.f.b.consumer.UsageEventConsumer - processed usage event account=acct-1515 hours=8
2026-06-07T13:45:31Z WARN  [synthetic] c.f.b.client.NotificationClient - call to notification-svc failed: HTTP 429 Too Many Requests
2026-06-07T13:45:39Z WARN  [synthetic] c.f.b.client.NotificationClient - call to notification-svc failed: HTTP 429 Too Many Requests
2026-06-07T13:45:41Z WARN  [synthetic] c.f.b.client.NotificationClient - call to notification-svc failed: HTTP 429 Too Many Requests
2026-06-07T13:45:41Z WARN  [synthetic] c.f.b.client.NotificationClient - call to notification-svc failed: HTTP 429 Too Many Requests
2026-06-07T13:45:54Z WARN  [synthetic] c.f.b.client.NotificationClient - call to notification-svc failed: HTTP 429 Too Many Requests
2026-06-07T13:46:15Z INFO  [synthetic] c.f.b.invoice.InvoiceService - invoice INV-738787 generated lines=48 in 73 ms
2026-06-07T13:46:38Z INFO  [synthetic] c.f.b.invoice.InvoiceService - invoice INV-270421 generated lines=45 in 14 ms
2026-06-07T13:47:37Z WARN  [synthetic] c.f.b.client.NotificationClient - call to notification-svc failed: HTTP 429 Too Many Requests
2026-06-07T13:47:39Z WARN  [synthetic] c.f.b.client.NotificationClient - call to notification-svc failed: HTTP 429 Too Many Requests
2026-06-07T13:47:54Z WARN  [synthetic] c.f.b.client.NotificationClient - call to notification-svc failed: HTTP 429 Too Many Requests
2026-06-07T13:48:41Z WARN  [synthetic] c.f.b.client.NotificationClient - call to notification-svc failed: HTTP 429 Too Many Requests
2026-06-07T13:48:51Z WARN  [synthetic] c.f.b.client.NotificationClient - call to notification-svc failed: HTTP 429 Too Many Requests
2026-06-07T13:48:57Z WARN  [synthetic] c.f.b.client.NotificationClient - call to notification-svc failed: HTTP 429 Too Many Requests
2026-06-07T13:50:05Z INFO  [synthetic] c.f.b.invoice.InvoiceService - invoice INV-220928 generated lines=36 in 49 ms
2026-06-07T13:50:14Z WARN  [synthetic] c.f.b.client.NotificationClient - call to notification-svc failed: HTTP 429 Too Many Requests
2026-06-07T13:50:21Z INFO  [synthetic] c.f.b.consumer.UsageEventConsumer - processed usage event account=acct-5516 hours=51
2026-06-07T13:50:31Z WARN  [synthetic] c.f.b.client.NotificationClient - call to notification-svc failed: HTTP 429 Too Many Requests
2026-06-07T13:51:13Z WARN  [synthetic] c.f.b.client.NotificationClient - call to notification-svc failed: HTTP 429 Too Many Requests
2026-06-07T13:51:33Z INFO  [synthetic] c.f.b.invoice.InvoiceService - invoice INV-716640 generated lines=42 in 26 ms
2026-06-07T13:51:43Z WARN  [synthetic] c.f.b.client.NotificationClient - call to notification-svc failed: HTTP 429 Too Many Requests
2026-06-07T13:52:18Z WARN  [synthetic] c.f.b.client.NotificationClient - call to notification-svc failed: HTTP 429 Too Many Requests
2026-06-07T13:52:55Z WARN  [synthetic] c.f.b.client.NotificationClient - call to notification-svc failed: HTTP 429 Too Many Requests
2026-06-07T13:54:07Z WARN  [synthetic] c.f.b.client.NotificationClient - call to notification-svc failed: HTTP 429 Too Many Requests
2026-06-07T13:54:10Z WARN  [synthetic] c.f.b.client.NotificationClient - call to notification-svc failed: HTTP 429 Too Many Requests
2026-06-07T13:54:55Z WARN  [synthetic] c.f.b.client.NotificationClient - call to notification-svc failed: HTTP 429 Too Many Requests
2026-06-07T13:55:26Z INFO  [synthetic] c.f.b.invoice.InvoiceService - invoice INV-112986 generated lines=31 in 10 ms
2026-06-07T13:55:50Z INFO  [synthetic] c.f.b.api.UsageController - GET /v1/usage account=acct-7585 92 ms
2026-06-07T13:56:21Z WARN  [synthetic] c.f.b.client.NotificationClient - call to notification-svc failed: HTTP 429 Too Many Requests
2026-06-07T13:56:45Z WARN  [synthetic] c.f.b.client.NotificationClient - call to notification-svc failed: HTTP 429 Too Many Requests
2026-06-07T13:56:52Z WARN  [synthetic] c.f.b.client.NotificationClient - call to notification-svc failed: HTTP 429 Too Many Requests
2026-06-07T13:58:13Z WARN  [synthetic] c.f.b.client.NotificationClient - call to notification-svc failed: HTTP 429 Too Many Requests
2026-06-07T13:59:02Z WARN  [synthetic] c.f.b.client.NotificationClient - call to notification-svc failed: HTTP 429 Too Many Requests
2026-06-07T13:59:24Z WARN  [synthetic] c.f.b.client.NotificationClient - call to notification-svc failed: HTTP 429 Too Many Requests
2026-06-07T13:59:57Z WARN  [synthetic] c.f.b.client.NotificationClient - call to notification-svc failed: HTTP 429 Too Many Requests
2026-06-07T14:00:43Z WARN  [synthetic] c.f.b.client.NotificationClient - call to notification-svc failed: HTTP 429 Too Many Requests
2026-06-07T14:01:08Z INFO  [synthetic] c.f.b.consumer.UsageEventConsumer - processed usage event account=acct-8239 hours=25
2026-06-07T14:01:40Z WARN  [synthetic] c.f.b.client.NotificationClient - call to notification-svc failed: HTTP 429 Too Many Requests
2026-06-07T14:02:46Z WARN  [synthetic] c.f.b.client.NotificationClient - call to notification-svc failed: HTTP 429 Too Many Requests
2026-06-07T14:03:06Z WARN  [synthetic] c.f.b.client.NotificationClient - call to notification-svc failed: HTTP 429 Too Many Requests
2026-06-07T14:03:48Z WARN  [synthetic] c.f.b.client.NotificationClient - call to notification-svc failed: HTTP 429 Too Many Requests
2026-06-07T14:04:51Z INFO  [synthetic] c.f.b.consumer.UsageEventConsumer - processed usage event account=acct-7310 hours=39
2026-06-07T14:05:18Z WARN  [synthetic] c.f.b.client.NotificationClient - call to notification-svc failed: HTTP 429 Too Many Requests
2026-06-07T14:05:28Z WARN  [synthetic] c.f.b.client.NotificationClient - call to notification-svc failed: HTTP 429 Too Many Requests
2026-06-07T14:05:30Z INFO  [synthetic] c.f.b.api.UsageController - GET /v1/usage account=acct-2595 24 ms
2026-06-07T14:07:10Z WARN  [synthetic] c.f.b.client.NotificationClient - call to notification-svc failed: HTTP 429 Too Many Requests
2026-06-07T14:09:02Z WARN  [synthetic] c.f.b.client.NotificationClient - call to notification-svc failed: HTTP 429 Too Many Requests
2026-06-07T14:10:30Z WARN  [synthetic] c.f.b.client.NotificationClient - call to notification-svc failed: HTTP 429 Too Many Requests
2026-06-07T14:10:54Z WARN  [synthetic] c.f.b.client.NotificationClient - call to notification-svc failed: HTTP 429 Too Many Requests
2026-06-07T14:10:58Z INFO  [synthetic] c.f.b.invoice.InvoiceService - invoice INV-286521 generated lines=58 in 13 ms
2026-06-07T14:11:43Z WARN  [synthetic] c.f.b.client.NotificationClient - call to notification-svc failed: HTTP 429 Too Many Requests
2026-06-07T14:11:59Z INFO  [synthetic] c.f.b.api.UsageController - GET /v1/usage account=acct-6891 53 ms
2026-06-07T14:12:16Z WARN  [synthetic] c.f.b.client.NotificationClient - call to notification-svc failed: HTTP 429 Too Many Requests
2026-06-07T14:14:57Z WARN  [synthetic] c.f.b.client.NotificationClient - call to notification-svc failed: HTTP 429 Too Many Requests
2026-06-07T14:15:19Z INFO  [synthetic] c.f.b.api.UsageController - GET /v1/usage account=acct-2528 39 ms
2026-06-07T14:15:37Z WARN  [synthetic] c.f.b.client.NotificationClient - call to notification-svc failed: HTTP 429 Too Many Requests
2026-06-07T14:16:32Z WARN  [synthetic] c.f.b.client.NotificationClient - call to notification-svc failed: HTTP 429 Too Many Requests
2026-06-07T14:17:17Z WARN  [synthetic] c.f.b.client.NotificationClient - call to notification-svc failed: HTTP 429 Too Many Requests
2026-06-07T14:18:24Z WARN  [synthetic] c.f.b.client.NotificationClient - call to notification-svc failed: HTTP 429 Too Many Requests
2026-06-07T14:19:04Z WARN  [synthetic] c.f.b.client.NotificationClient - call to notification-svc failed: HTTP 429 Too Many Requests
2026-06-07T14:20:07Z WARN  [synthetic] c.f.b.client.NotificationClient - call to notification-svc failed: HTTP 429 Too Many Requests
2026-06-07T14:22:35Z WARN  [synthetic] c.f.b.client.NotificationClient - call to notification-svc failed: HTTP 429 Too Many Requests
2026-06-07T14:23:37Z WARN  [synthetic] c.f.b.client.NotificationClient - call to notification-svc failed: HTTP 429 Too Many Requests
2026-06-07T14:24:41Z WARN  [synthetic] c.f.b.client.NotificationClient - call to notification-svc failed: HTTP 429 Too Many Requests
2026-06-07T14:25:31Z WARN  [synthetic] c.f.b.client.NotificationClient - call to notification-svc failed: HTTP 429 Too Many Requests
2026-06-07T14:25:37Z WARN  [synthetic] c.f.b.client.NotificationClient - call to notification-svc failed: HTTP 429 Too Many Requests
2026-06-07T14:28:15Z WARN  [synthetic] c.f.b.client.NotificationClient - call to notification-svc failed: HTTP 429 Too Many Requests
2026-06-07T14:28:30Z WARN  [synthetic] c.f.b.client.NotificationClient - call to notification-svc failed: HTTP 429 Too Many Requests
2026-06-07T14:29:26Z INFO  [synthetic] c.f.b.api.UsageController - GET /v1/usage account=acct-5277 17 ms
2026-06-07T14:29:26Z INFO  [synthetic] c.f.b.api.UsageController - GET /v1/usage account=acct-4713 40 ms
2026-06-07T14:29:32Z WARN  [synthetic] c.f.b.client.NotificationClient - call to notification-svc failed: HTTP 429 Too Many Requests
2026-06-07T14:29:51Z INFO  [synthetic] c.f.b.invoice.InvoiceService - invoice INV-724166 generated lines=11 in 19 ms
2026-06-07T14:30:38Z INFO  [synthetic] c.f.b.consumer.UsageEventConsumer - processed usage event account=acct-4698 hours=6
2026-06-07T14:31:03Z WARN  [synthetic] c.f.b.client.NotificationClient - call to notification-svc failed: HTTP 429 Too Many Requests
2026-06-07T14:31:41Z WARN  [synthetic] c.f.b.client.NotificationClient - call to notification-svc failed: HTTP 429 Too Many Requests
2026-06-07T14:31:56Z WARN  [synthetic] c.f.b.client.NotificationClient - call to notification-svc failed: HTTP 429 Too Many Requests
2026-06-07T14:32:15Z WARN  [synthetic] c.f.b.client.NotificationClient - call to notification-svc failed: HTTP 429 Too Many Requests
2026-06-07T14:32:25Z WARN  [synthetic] c.f.b.client.NotificationClient - call to notification-svc failed: HTTP 429 Too Many Requests
2026-06-07T14:33:33Z INFO  [synthetic] c.f.b.api.UsageController - GET /v1/usage account=acct-2384 8 ms
