2026-07-05T05:18:41Z INFO  [synthetic] LOG:  duration: 59.4 ms  statement: SELECT * FROM servers WHERE tenant_id = $1
2026-07-05T05:20:01Z INFO  [synthetic] LOG:  duration: 54.4 ms  statement: SELECT * FROM servers WHERE tenant_id = $1
2026-07-05T05:21:49Z INFO  [synthetic] LOG:  automatic vacuum of table "meta.public.jobs": index scans: 1, pages: 8 removed
2026-07-05T05:22:29Z INFO  [synthetic] LOG:  checkpoint complete: wrote 34 buffers; write=80.1 s, sync=0.059 s
2026-07-05T05:29:07Z INFO  [synthetic] LOG:  automatic vacuum of table "meta.public.jobs": index scans: 1, pages: 17 removed
2026-07-05T05:29:14Z INFO  [synthetic] LOG:  checkpoint complete: wrote 52 buffers; write=93.1 s, sync=0.057 s
2026-07-05T05:31:04Z INFO  [synthetic] LOG:  checkpoint complete: wrote 10 buffers; write=75.1 s, sync=0.05 s
2026-07-05T05:32:03Z INFO  [synthetic] LOG:  checkpoint complete: wrote 18 buffers; write=27.1 s, sync=0.019 s
2026-07-05T05:34:18Z INFO  [synthetic] LOG:  automatic vacuum of table "meta.public.jobs": index scans: 1, pages: 50 removed
2026-07-05T05:35:39Z INFO  [synthetic] LOG:  checkpoint complete: wrote 46 buffers; write=26.1 s, sync=0.012 s
2026-07-05T05:37:15Z INFO  [synthetic] LOG:  checkpoint complete: wrote 47 buffers; write=37.1 s, sync=0.034 s
2026-07-05T05:41:26Z INFO  [synthetic] LOG:  automatic vacuum of table "meta.public.jobs": index scans: 1, pages: 55 removed
2026-07-05T05:43:15Z INFO  [synthetic] LOG:  automatic vacuum of table "meta.public.jobs": index scans: 1, pages: 42 removed
2026-07-05T05:43:49Z INFO  [synthetic] LOG:  automatic vacuum of table "meta.public.jobs": index scans: 1, pages: 45 removed
2026-07-05T05:49:06Z INFO  [synthetic] LOG:  checkpoint complete: wrote 26 buffers; write=8.1 s, sync=0.032 s
2026-07-05T05:49:12Z INFO  [synthetic] LOG:  automatic vacuum of table "meta.public.jobs": index scans: 1, pages: 32 removed
2026-07-05T05:49:55Z INFO  [synthetic] LOG:  checkpoint complete: wrote 40 buffers; write=23.1 s, sync=0.045 s
2026-07-05T05:51:33Z INFO  [synthetic] LOG:  duration: 18.4 ms  statement: SELECT * FROM servers WHERE tenant_id = $1
2026-07-05T05:55:20Z INFO  [synthetic] LOG:  duration: 52.4 ms  statement: SELECT * FROM servers WHERE tenant_id = $1
2026-07-05T05:58:05Z INFO  [synthetic] LOG:  automatic vacuum of table "meta.public.jobs": index scans: 1, pages: 16 removed
2026-07-05T06:00:45Z INFO  [synthetic] LOG:  automatic vacuum of table "meta.public.jobs": index scans: 1, pages: 20 removed
2026-07-05T06:04:34Z INFO  [synthetic] LOG:  duration: 40.4 ms  statement: SELECT * FROM servers WHERE tenant_id = $1
2026-07-05T06:05:39Z INFO  [synthetic] LOG:  duration: 78.4 ms  statement: SELECT * FROM servers WHERE tenant_id = $1
2026-07-05T06:06:41Z INFO  [synthetic] LOG:  checkpoint complete: wrote 47 buffers; write=51.1 s, sync=0.021 s
2026-07-05T06:10:15Z INFO  [synthetic] LOG:  automatic vacuum of table "meta.public.jobs": index scans: 1, pages: 51 removed
2026-07-05T06:14:28Z INFO  [synthetic] LOG:  automatic vacuum of table "meta.public.jobs": index scans: 1, pages: 52 removed
2026-07-05T06:17:24Z INFO  [synthetic] LOG:  automatic vacuum of table "meta.public.jobs": index scans: 1, pages: 27 removed
2026-07-05T06:19:34Z INFO  [synthetic] LOG:  automatic vacuum of table "meta.public.jobs": index scans: 1, pages: 44 removed
2026-07-05T06:23:21Z WARN  [synthetic] LOG:  process 10 still waiting for AccessExclusiveLock on relation servers after 1000.0 ms
2026-07-05T06:29:01Z ERROR [synthetic] ERROR:  canceling statement due to lock timeout
2026-07-05T06:30:16Z ERROR [synthetic] ERROR:  canceling statement due to lock timeout
2026-07-05T06:30:45Z INFO  [synthetic] LOG:  automatic vacuum of table "meta.public.jobs": index scans: 1, pages: 30 removed
2026-07-05T06:30:45Z WARN  [synthetic] LOG:  process 31 still waiting for AccessExclusiveLock on relation servers after 1000.0 ms
2026-07-05T06:33:24Z INFO  [synthetic] LOG:  checkpoint complete: wrote 55 buffers; write=61.1 s, sync=0.046 s
2026-07-05T06:34:05Z ERROR [synthetic] ERROR:  canceling statement due to lock timeout
2026-07-05T06:35:46Z WARN  [synthetic] LOG:  process 4 still waiting for AccessExclusiveLock on relation servers after 1000.0 ms
2026-07-05T06:37:53Z INFO  [synthetic] LOG:  automatic vacuum of table "meta.public.jobs": index scans: 1, pages: 34 removed
2026-07-05T06:37:59Z INFO  [synthetic] LOG:  automatic vacuum of table "meta.public.jobs": index scans: 1, pages: 44 removed
2026-07-05T06:38:31Z INFO  [synthetic] LOG:  checkpoint complete: wrote 55 buffers; write=30.1 s, sync=0.036 s
2026-07-05T06:39:00Z ERROR [synthetic] ERROR:  canceling statement due to lock timeout
2026-07-05T06:39:25Z ERROR [synthetic] ERROR:  canceling statement due to lock timeout
2026-07-05T06:43:22Z INFO  [synthetic] LOG:  automatic vacuum of table "meta.public.jobs": index scans: 1, pages: 52 removed
2026-07-05T06:46:46Z INFO  [synthetic] LOG:  automatic vacuum of table "meta.public.jobs": index scans: 1, pages: 11 removed
2026-07-05T06:47:02Z INFO  [synthetic] LOG:  duration: 17.4 ms  statement: SELECT * FROM servers WHERE tenant_id = $1
2026-07-05T06:47:42Z ERROR [synthetic] ERROR:  canceling statement due to lock timeout
2026-07-05T06:48:06Z WARN  [synthetic] LOG:  process 3 still waiting for AccessExclusiveLock on relation servers after 1000.0 ms
2026-07-05T06:48:59Z WARN  [synthetic] LOG:  process 36 still waiting for AccessExclusiveLock on relation servers after 1000.0 ms
2026-07-05T06:49:07Z INFO  [synthetic] LOG:  automatic vacuum of table "meta.public.jobs": index scans: 1, pages: 48 removed
2026-07-05T06:49:27Z ERROR [synthetic] ERROR:  canceling statement due to lock timeout
2026-07-05T06:49:35Z INFO  [synthetic] LOG:  checkpoint complete: wrote 35 buffers; write=17.1 s, sync=0.03 s
2026-07-05T06:50:35Z INFO  [synthetic] LOG:  automatic vacuum of table "meta.public.jobs": index scans: 1, pages: 5 removed
2026-07-05T06:55:30Z WARN  [synthetic] LOG:  process 11 still waiting for AccessExclusiveLock on relation servers after 1000.0 ms
2026-07-05T06:56:54Z ERROR [synthetic] ERROR:  canceling statement due to lock timeout
2026-07-05T06:57:01Z INFO  [synthetic] LOG:  duration: 71.4 ms  statement: SELECT * FROM servers WHERE tenant_id = $1
2026-07-05T06:57:13Z INFO  [synthetic] LOG:  automatic vacuum of table "meta.public.jobs": index scans: 1, pages: 40 removed
2026-07-05T06:57:53Z INFO  [synthetic] LOG:  checkpoint complete: wrote 7 buffers; write=48.1 s, sync=0.030 s
2026-07-05T07:00:09Z ERROR [synthetic] ERROR:  canceling statement due to lock timeout
2026-07-05T07:00:44Z INFO  [synthetic] LOG:  checkpoint complete: wrote 55 buffers; write=20.1 s, sync=0.043 s
2026-07-05T07:01:24Z ERROR [synthetic] ERROR:  canceling statement due to lock timeout
2026-07-05T07:02:02Z ERROR [synthetic] ERROR:  canceling statement due to lock timeout
2026-07-05T07:02:36Z INFO  [synthetic] LOG:  checkpoint complete: wrote 27 buffers; write=95.1 s, sync=0.022 s
2026-07-05T07:03:02Z WARN  [synthetic] LOG:  process 24 still waiting for AccessExclusiveLock on relation servers after 1000.0 ms
2026-07-05T07:03:21Z WARN  [synthetic] LOG:  process 51 still waiting for AccessExclusiveLock on relation servers after 1000.0 ms
2026-07-05T07:03:34Z WARN  [synthetic] LOG:  process 19 still waiting for AccessExclusiveLock on relation servers after 1000.0 ms
2026-07-05T07:03:43Z WARN  [synthetic] LOG:  process 60 still waiting for AccessExclusiveLock on relation servers after 1000.0 ms
2026-07-05T07:06:21Z ERROR [synthetic] ERROR:  canceling statement due to lock timeout
2026-07-05T07:07:54Z WARN  [synthetic] LOG:  process 26 still waiting for AccessExclusiveLock on relation servers after 1000.0 ms
2026-07-05T07:08:20Z INFO  [synthetic] LOG:  automatic vacuum of table "meta.public.jobs": index scans: 1, pages: 17 removed
2026-07-05T07:09:02Z ERROR [synthetic] ERROR:  canceling statement due to lock timeout
2026-07-05T07:10:41Z WARN  [synthetic] LOG:  process 53 still waiting for AccessExclusiveLock on relation servers after 1000.0 ms
2026-07-05T07:13:15Z INFO  [synthetic] LOG:  checkpoint complete: wrote 29 buffers; write=5.1 s, sync=0.033 s
2026-07-05T07:13:32Z WARN  [synthetic] LOG:  process 41 still waiting for AccessExclusiveLock on relation servers after 1000.0 ms
2026-07-05T07:15:53Z INFO  [synthetic] LOG:  automatic vacuum of table "meta.public.jobs": index scans: 1, pages: 26 removed
2026-07-05T07:16:58Z INFO  [synthetic] LOG:  checkpoint complete: wrote 35 buffers; write=22.1 s, sync=0.052 s
2026-07-05T07:17:45Z WARN  [synthetic] LOG:  process 19 still waiting for AccessExclusiveLock on relation servers after 1000.0 ms
2026-07-05T07:18:06Z WARN  [synthetic] LOG:  process 38 still waiting for AccessExclusiveLock on relation servers after 1000.0 ms
2026-07-05T07:18:36Z INFO  [synthetic] LOG:  automatic vacuum of table "meta.public.jobs": index scans: 1, pages: 16 removed
2026-07-05T07:19:39Z ERROR [synthetic] ERROR:  canceling statement due to lock timeout
2026-07-05T07:25:34Z ERROR [synthetic] ERROR:  canceling statement due to lock timeout
2026-07-05T07:26:14Z WARN  [synthetic] LOG:  process 48 still waiting for AccessExclusiveLock on relation servers after 1000.0 ms
2026-07-05T07:26:48Z WARN  [synthetic] LOG:  process 60 still waiting for AccessExclusiveLock on relation servers after 1000.0 ms
2026-07-05T07:29:45Z INFO  [synthetic] LOG:  checkpoint complete: wrote 25 buffers; write=16.1 s, sync=0.054 s
2026-07-05T07:36:06Z INFO  [synthetic] LOG:  checkpoint complete: wrote 57 buffers; write=77.1 s, sync=0.028 s
2026-07-05T07:38:01Z INFO  [synthetic] LOG:  checkpoint complete: wrote 55 buffers; write=81.1 s, sync=0.030 s
2026-07-05T07:39:00Z INFO  [synthetic] LOG:  checkpoint complete: wrote 5 buffers; write=69.1 s, sync=0.047 s
2026-07-05T07:42:02Z ERROR [synthetic] ERROR:  canceling statement due to lock timeout
2026-07-05T07:42:45Z ERROR [synthetic] ERROR:  canceling statement due to lock timeout
2026-07-05T07:43:03Z INFO  [synthetic] LOG:  duration: 20.4 ms  statement: SELECT * FROM servers WHERE tenant_id = $1
2026-07-05T07:44:14Z INFO  [synthetic] LOG:  automatic vacuum of table "meta.public.jobs": index scans: 1, pages: 24 removed
2026-07-05T07:50:13Z INFO  [synthetic] LOG:  checkpoint complete: wrote 12 buffers; write=17.1 s, sync=0.050 s
2026-07-05T07:53:48Z INFO  [synthetic] LOG:  automatic vacuum of table "meta.public.jobs": index scans: 1, pages: 32 removed
2026-07-05T07:53:49Z INFO  [synthetic] LOG:  duration: 67.4 ms  statement: SELECT * FROM servers WHERE tenant_id = $1
2026-07-05T07:54:35Z WARN  [synthetic] LOG:  process 19 still waiting for AccessExclusiveLock on relation servers after 1000.0 ms
2026-07-05T07:55:30Z WARN  [synthetic] LOG:  process 8 still waiting for AccessExclusiveLock on relation servers after 1000.0 ms
2026-07-05T07:55:53Z INFO  [synthetic] LOG:  checkpoint complete: wrote 47 buffers; write=25.1 s, sync=0.046 s
2026-07-05T07:56:33Z INFO  [synthetic] LOG:  duration: 79.4 ms  statement: SELECT * FROM servers WHERE tenant_id = $1
2026-07-05T07:57:50Z ERROR [synthetic] ERROR:  canceling statement due to lock timeout
2026-07-05T08:00:56Z INFO  [synthetic] LOG:  checkpoint complete: wrote 60 buffers; write=63.1 s, sync=0.047 s
2026-07-05T08:03:47Z ERROR [synthetic] ERROR:  canceling statement due to lock timeout
2026-07-05T08:04:42Z ERROR [synthetic] ERROR:  canceling statement due to lock timeout
2026-07-05T08:06:06Z INFO  [synthetic] LOG:  duration: 42.4 ms  statement: SELECT * FROM servers WHERE tenant_id = $1
2026-07-05T08:06:47Z WARN  [synthetic] LOG:  process 25 still waiting for AccessExclusiveLock on relation servers after 1000.0 ms
2026-07-05T08:06:57Z WARN  [synthetic] LOG:  process 15 still waiting for AccessExclusiveLock on relation servers after 1000.0 ms
2026-07-05T08:09:11Z INFO  [synthetic] LOG:  automatic vacuum of table "meta.public.jobs": index scans: 1, pages: 34 removed
2026-07-05T08:11:02Z ERROR [synthetic] ERROR:  canceling statement due to lock timeout
2026-07-05T08:11:25Z ERROR [synthetic] ERROR:  canceling statement due to lock timeout
2026-07-05T08:11:27Z INFO  [synthetic] LOG:  duration: 41.4 ms  statement: SELECT * FROM servers WHERE tenant_id = $1
2026-07-05T08:12:59Z WARN  [synthetic] LOG:  process 11 still waiting for AccessExclusiveLock on relation servers after 1000.0 ms
2026-07-05T08:15:01Z WARN  [synthetic] LOG:  process 17 still waiting for AccessExclusiveLock on relation servers after 1000.0 ms
2026-07-05T08:17:49Z INFO  [synthetic] LOG:  checkpoint complete: wrote 52 buffers; write=95.1 s, sync=0.036 s
2026-07-05T08:17:49Z ERROR [synthetic] ERROR:  canceling statement due to lock timeout
